

	    NEORL: NeuroEvolution Optimisation with Reinforcement Learning
			 ███╗   ██╗███████╗ ██████╗ ██████╗ ██╗     
			 ████╗  ██║██╔════╝██╔═══██╗██╔══██╗██║     
			 ██╔██╗ ██║█████╗  ██║   ██║██████╔╝██║     
			 ██║╚██╗██║██╔══╝  ██║   ██║██╔══██╗██║     
			 ██║ ╚████║███████╗╚██████╔╝██║  ██║███████╗
			 ╚═╝  ╚═══╝╚══════╝ ╚═════╝ ╚═╝  ╚═╝╚══════╝                                                
Copyright © 2021 Exelon Corporation (https://www.exeloncorp.com/) in collaboration with 
             MIT Nuclear Science and Engineering (https://web.mit.edu/nse/)
                             All Rights Reserved

                       

points:[[ 0.01  0.01]
 [ 0.01 10.  ]
 [10.    0.01]
 [10.   10.  ]]
rand points:[[7.74182093 4.39439561]
 [8.58739322 6.97670661]]
training points: [[ 0.01        0.01      ]
 [ 0.01       10.        ]
 [10.          0.01      ]
 [10.         10.        ]
 [ 7.74182093  4.39439561]
 [ 8.58739322  6.97670661]]
Monte Carlo Run #1
Layer Thicknesses: [0.01 0.01]
The number of regions in the Monte Carlo Model are 3
Vector of the surface positions: [ 0.   78.8  78.81 78.82]
The NPS is 1e+05
material:water
thicknesses:[0.01 0.01]
prices:[0.0093]
material:ss-316L
thicknesses:[0.01 0.01]
prices:[0.0093 3.7   ]
dose: 0.99217
cost: 0.03709300000000001
reward: -9600.143930606837
Monte Carlo Run #2
Layer Thicknesses: [ 0.01 10.  ]
The number of regions in the Monte Carlo Model are 3
Vector of the surface positions: [ 0.   78.8  78.81 88.81]
The NPS is 1e+05
material:water
thicknesses:[ 0.01 10.  ]
prices:[0.0093]
material:ss-316L
thicknesses:[ 0.01 10.  ]
prices:[0.0093 3.7   ]
dose: 0.320265
cost: 37.000093
reward: -2458.6347083846154
Monte Carlo Run #3
Layer Thicknesses: [10.    0.01]
The number of regions in the Monte Carlo Model are 3
Vector of the surface positions: [ 0.   78.8  88.8  88.81]
The NPS is 1e+05
material:water
thicknesses:[10.    0.01]
prices:[0.0093]
material:ss-316L
thicknesses:[10.    0.01]
prices:[0.0093 3.7   ]
dose: 0.125823
cost: 0.13
reward: -344.3928205128203
Monte Carlo Run #4
Layer Thicknesses: [10. 10.]
The number of regions in the Monte Carlo Model are 3
Vector of the surface positions: [ 0.  78.8 88.8 98.8]
The NPS is 1e+05
material:water
thicknesses:[10. 10.]
prices:[0.0093]
material:ss-316L
thicknesses:[10. 10.]
prices:[0.0093 3.7   ]
dose: 0.044265
cost: 37.093
reward: -37.093
Monte Carlo Run #5
Layer Thicknesses: [7.74182093 4.39439561]
The number of regions in the Monte Carlo Model are 3
Vector of the surface positions: [ 0.         78.8        86.54182093 90.93621654]
The NPS is 1e+05
material:water
thicknesses:[7.74182093 4.39439561]
prices:[0.0093]
material:ss-316L
thicknesses:[7.74182093 4.39439561]
prices:[0.0093 3.7   ]
dose: 0.108729
cost: 16.3312627031583
reward: -177.96587808777372
Monte Carlo Run #6
Layer Thicknesses: [8.58739322 6.97670661]
The number of regions in the Monte Carlo Model are 3
Vector of the surface positions: [ 0.         78.8        87.38739322 94.36409983]
The NPS is 1e+05
material:water
thicknesses:[8.58739322 6.97670661]
prices:[0.0093]
material:ss-316L
thicknesses:[8.58739322 6.97670661]
prices:[0.0093 3.7   ]
dose: 0.072719
cost: 25.893677215066475
reward: -25.893677215066475
Reached save step
