-------------------------------------
Starting ppo run: Fri Mar 13 12:52:33 EDT 2026
Finding optimal design from this data set: /home/awhitesides3/openneomc/pporuns/RESULTS/Run01/Run01-surrogate_data.npz
-------------------------------------


	    NEORL: NeuroEvolution Optimisation with Reinforcement Learning
			 ███╗   ██╗███████╗ ██████╗ ██████╗ ██╗     
			 ████╗  ██║██╔════╝██╔═══██╗██╔══██╗██║     
			 ██╔██╗ ██║█████╗  ██║   ██║██████╔╝██║     
			 ██║╚██╗██║██╔══╝  ██║   ██║██╔══██╗██║     
			 ██║ ╚████║███████╗╚██████╔╝██║  ██║███████╗
			 ╚═╝  ╚═══╝╚══════╝ ╚═════╝ ╚═╝  ╚═╝╚══════╝                                                
Copyright © 2021 Exelon Corporation (https://www.exeloncorp.com/) in collaboration with 
             MIT Nuclear Science and Engineering (https://web.mit.edu/nse/)
                             All Rights Reserved

                       

Traceback (most recent call last):
  File "create_optimal_design.py", line 182, in <module>
    surrogate_points, surrogate_rewards, surrogate_doses, surrogate_costs = retrieve_surrogate_data(surrogate_data)
  File "create_optimal_design.py", line 46, in retrieve_surrogate_data
    data = np.load(surrogate_data)
  File "/home/awhitesides3/miniconda3/envs/openneomc/lib/python3.7/site-packages/numpy/lib/npyio.py", line 417, in load
    fid = stack.enter_context(open(os_fspath(file), "rb"))
FileNotFoundError: [Errno 2] No such file or directory: './RESULTS/Run02//Run02-surrogate_data.npz'
-------------------------------------
Starting ppo run: Fri Mar 13 12:56:01 EDT 2026
Finding optimal design from this data set: /home/awhitesides3/openneomc/pporuns/RESULTS/Run01/Run01-surrogate_data.npz
-------------------------------------


	    NEORL: NeuroEvolution Optimisation with Reinforcement Learning
			 ███╗   ██╗███████╗ ██████╗ ██████╗ ██╗     
			 ████╗  ██║██╔════╝██╔═══██╗██╔══██╗██║     
			 ██╔██╗ ██║█████╗  ██║   ██║██████╔╝██║     
			 ██║╚██╗██║██╔══╝  ██║   ██║██╔══██╗██║     
			 ██║ ╚████║███████╗╚██████╔╝██║  ██║███████╗
			 ╚═╝  ╚═══╝╚══════╝ ╚═════╝ ╚═╝  ╚═╝╚══════╝                                                
Copyright © 2021 Exelon Corporation (https://www.exeloncorp.com/) in collaboration with 
             MIT Nuclear Science and Engineering (https://web.mit.edu/nse/)
                             All Rights Reserved

                       

Retrieved surrogate data!
Trained GPRs!
Adding SHARED layer number -- 0 -- with  {'vf': [64, 64], 'pi': [64, 64]} nodes
Adding NON-SHARED layer number -- 0 -- with  {'vf': [64, 64], 'pi': [64, 64]} nodes
Adding NON-SHARED layer number -- 1 -- with  {'vf': [64, 64], 'pi': [64, 64]} nodes
Adding SHARED layer number -- 0 -- with  {'vf': [64, 64], 'pi': [64, 64]} nodes
Adding NON-SHARED layer number -- 0 -- with  {'vf': [64, 64], 'pi': [64, 64]} nodes
Adding NON-SHARED layer number -- 1 -- with  {'vf': [64, 64], 'pi': [64, 64]} nodes
The number of regions in the Monte Carlo Model are 3
Vector of the surface positions: [ 0.         78.8        86.54549246 90.93903666]
iteration = 1, i = 0 - no layers are added
iteration = 1, i = 1, layers are being added
iteration = 1, i = 2, layers are being added
The NPS is 1e+05
The actual dose for the proposed optimal design is: 0.108629
Predicted Reward: -177.97779377408494
Predicted Dose: 0.10873047592586621
Predicted Optimal Thicknesses [t1, t2, t3]: [7.7454925 4.393544 ]
Accuracy: 0.0009341513395705271
Predicted result is accurate!
Found the optimal design!
max length: 100
{'optimal index': [29, nan, nan, nan, nan, nan, nan, nan, nan, nan, nan, nan, nan, nan, nan, nan, nan, nan, nan, nan, nan, nan, nan, nan, nan, nan, nan, nan, nan, nan, nan, nan, nan, nan, nan, nan, nan, nan, nan, nan, nan, nan, nan, nan, nan, nan, nan, nan, nan, nan, nan, nan, nan, nan, nan, nan, nan, nan, nan, nan, nan, nan, nan, nan, nan, nan, nan, nan, nan, nan, nan, nan, nan, nan, nan, nan, nan, nan, nan, nan, nan, nan, nan, nan, nan, nan, nan, nan, nan, nan, nan, nan, nan, nan, nan, nan, nan, nan, nan, nan], 'optimal thicknesses': [7.7454925, 4.393544, nan, nan, nan, nan, nan, nan, nan, nan, nan, nan, nan, nan, nan, nan, nan, nan, nan, nan, nan, nan, nan, nan, nan, nan, nan, nan, nan, nan, nan, nan, nan, nan, nan, nan, nan, nan, nan, nan, nan, nan, nan, nan, nan, nan, nan, nan, nan, nan, nan, nan, nan, nan, nan, nan, nan, nan, nan, nan, nan, nan, nan, nan, nan, nan, nan, nan, nan, nan, nan, nan, nan, nan, nan, nan, nan, nan, nan, nan, nan, nan, nan, nan, nan, nan, nan, nan, nan, nan, nan, nan, nan, nan, nan, nan, nan, nan, nan, nan], 'predicted dose': [0.10873047592586621, nan, nan, nan, nan, nan, nan, nan, nan, nan, nan, nan, nan, nan, nan, nan, nan, nan, nan, nan, nan, nan, nan, nan, nan, nan, nan, nan, nan, nan, nan, nan, nan, nan, nan, nan, nan, nan, nan, nan, nan, nan, nan, nan, nan, nan, nan, nan, nan, nan, nan, nan, nan, nan, nan, nan, nan, nan, nan, nan, nan, nan, nan, nan, nan, nan, nan, nan, nan, nan, nan, nan, nan, nan, nan, nan, nan, nan, nan, nan, nan, nan, nan, nan, nan, nan, nan, nan, nan, nan, nan, nan, nan, nan, nan, nan, nan, nan, nan, nan], 'actual dose': [0.108629, nan, nan, nan, nan, nan, nan, nan, nan, nan, nan, nan, nan, nan, nan, nan, nan, nan, nan, nan, nan, nan, nan, nan, nan, nan, nan, nan, nan, nan, nan, nan, nan, nan, nan, nan, nan, nan, nan, nan, nan, nan, nan, nan, nan, nan, nan, nan, nan, nan, nan, nan, nan, nan, nan, nan, nan, nan, nan, nan, nan, nan, nan, nan, nan, nan, nan, nan, nan, nan, nan, nan, nan, nan, nan, nan, nan, nan, nan, nan, nan, nan, nan, nan, nan, nan, nan, nan, nan, nan, nan, nan, nan, nan, nan, nan, nan, nan, nan, nan], 'accuracy': [0.0009341513395705271, nan, nan, nan, nan, nan, nan, nan, nan, nan, nan, nan, nan, nan, nan, nan, nan, nan, nan, nan, nan, nan, nan, nan, nan, nan, nan, nan, nan, nan, nan, nan, nan, nan, nan, nan, nan, nan, nan, nan, nan, nan, nan, nan, nan, nan, nan, nan, nan, nan, nan, nan, nan, nan, nan, nan, nan, nan, nan, nan, nan, nan, nan, nan, nan, nan, nan, nan, nan, nan, nan, nan, nan, nan, nan, nan, nan, nan, nan, nan, nan, nan, nan, nan, nan, nan, nan, nan, nan, nan, nan, nan, nan, nan, nan, nan, nan, nan, nan, nan], 'thickness values': [array([0.24666835, 0.21062826], dtype=float32), array([0.4512731, 0.5033998], dtype=float32), array([0.99134874, 1.2200047 ], dtype=float32), array([1.3552706, 1.6714878], dtype=float32), array([1.271715 , 1.5896956], dtype=float32), array([2.014572 , 2.5337992], dtype=float32), array([2.3467689, 2.95077  ], dtype=float32), array([2.680987 , 3.1745486], dtype=float32), array([2.9471133, 3.4195185], dtype=float32), array([2.914787 , 3.2638617], dtype=float32), array([3.5461571, 3.6224155], dtype=float32), array([3.8611076, 3.6925952], dtype=float32), array([4.1892867, 3.7101283], dtype=float32), array([4.5790434, 3.6113384], dtype=float32), array([4.9446864, 3.679812 ], dtype=float32), array([5.113507 , 3.5789971], dtype=float32), array([5.641395, 3.769173], dtype=float32), array([5.961381 , 3.8746336], dtype=float32), array([6.115432 , 3.7973027], dtype=float32), array([6.608979 , 4.0049033], dtype=float32), array([6.9036446, 4.225096 ], dtype=float32), array([7.1773577, 4.254634 ], dtype=float32), array([7.414924 , 4.4561343], dtype=float32), array([7.4868946, 4.377322 ], dtype=float32), array([7.5661426, 4.447416 ], dtype=float32), array([7.770321 , 4.4509215], dtype=float32), array([7.7079687, 4.387014 ], dtype=float32), array([7.7880197, 4.3955703], dtype=float32), array([7.860447 , 4.4500127], dtype=float32), array([7.7454925, 4.393544 ], dtype=float32), array([7.6831737, 4.369701 ], dtype=float32), array([7.6497116, 4.5160317], dtype=float32), array([7.6762342, 4.5939345], dtype=float32), array([7.5848126, 4.51233  ], dtype=float32), array([7.528061 , 4.4278274], dtype=float32), array([7.6987715, 4.5609927], dtype=float32), array([7.6821027, 4.509436 ], dtype=float32), array([7.783675, 4.317172], dtype=float32), array([7.7881002, 4.290736 ], dtype=float32), array([7.6854362, 4.1988235], dtype=float32), array([7.7182145, 4.2485824], dtype=float32), array([7.769337 , 4.3494205], dtype=float32), array([7.8064566, 4.2982645], dtype=float32), array([7.796243, 4.363438], dtype=float32), array([7.8323236, 4.393822 ], dtype=float32), array([7.885661 , 4.4152718], dtype=float32), array([7.834456, 4.382035], dtype=float32), array([7.772356 , 4.4571695], dtype=float32), array([7.6514797, 4.3477254], dtype=float32), array([7.72486  , 4.4407444], dtype=float32), array([7.796249, 4.279697], dtype=float32), array([7.8958344, 4.418039 ], dtype=float32), array([7.8109083, 4.3830175], dtype=float32), array([7.7018137, 4.302375 ], dtype=float32), array([7.7918725, 4.378082 ], dtype=float32), array([7.8017855, 4.306357 ], dtype=float32), array([7.8686438, 4.17879  ], dtype=float32), array([7.814709, 4.338326], dtype=float32), array([7.7192583, 4.4630656], dtype=float32), array([7.7509336, 4.6208606], dtype=float32), array([7.689018, 4.507938], dtype=float32), array([7.6253595, 4.453814 ], dtype=float32), array([7.6199594, 4.392998 ], dtype=float32), array([7.673102 , 4.4057813], dtype=float32), array([7.6127424, 4.538452 ], dtype=float32), array([7.6803093, 4.5449243], dtype=float32), array([7.7582383, 4.4677687], dtype=float32), array([7.7389846, 4.386392 ], dtype=float32), array([7.792068 , 4.4240255], dtype=float32), array([7.8300323, 4.290752 ], dtype=float32), array([7.633839, 4.42647 ], dtype=float32), array([7.612222, 4.284259], dtype=float32), array([7.7885847, 4.341162 ], dtype=float32), array([7.893047 , 4.5544977], dtype=float32), array([7.993059 , 4.5538783], dtype=float32), array([7.8327484, 4.511486 ], dtype=float32), array([7.787652 , 4.5486217], dtype=float32), array([7.785033, 4.442394], dtype=float32), array([7.9059434, 4.307688 ], dtype=float32), array([7.750585, 4.36265 ], dtype=float32), array([7.663096 , 4.4281063], dtype=float32), array([7.8693676, 4.4241457], dtype=float32), array([7.8184133, 4.4738817], dtype=float32), array([7.7563725, 4.365956 ], dtype=float32), array([7.7420645, 4.297582 ], dtype=float32), array([7.833983, 4.362864], dtype=float32), array([7.8183694, 4.4260445], dtype=float32), array([7.787195 , 4.3397837], dtype=float32), array([7.776751 , 4.3739195], dtype=float32), array([7.6505804, 4.3238916], dtype=float32), array([7.651983 , 4.3831067], dtype=float32), array([7.5690613, 4.4327393], dtype=float32), array([7.658532, 4.341813], dtype=float32), array([7.664348 , 4.2380204], dtype=float32), array([7.6830983, 4.31131  ], dtype=float32), array([7.7819695, 4.348757 ], dtype=float32), array([7.696436 , 4.3299427], dtype=float32), array([7.7816606, 4.305498 ], dtype=float32), array([7.8470798, 4.1816187], dtype=float32), array([7.9080105, 4.339525 ], dtype=float32)], 'dose values': [0.9605024650884612, 0.8595852361554855, 0.5185050628393781, 0.3868352442478863, 0.4055657886661151, 0.32199166148271186, 0.3188326117537637, 0.31837748368165075, 0.318276066628944, 0.31829926446723134, 0.3182288992522324, 0.31816293474529195, 0.31794914436384564, 0.317212986279533, 0.31500379269256196, 0.3134989524998144, 0.29926770650913453, 0.2807332034517433, 0.2715371784871291, 0.21601047689377684, 0.1728881649965504, 0.14132096845571943, 0.12000863748688217, 0.11545753255717295, 0.11222757016734752, 0.10914854382430147, 0.10885476476521577, 0.10895250909840576, 0.11051948902924891, 0.10873047592586621, 0.10915279571750161, 0.11115403689058959, 0.11330051227755175, 0.11273032721908433, 0.11357638096082481, 0.11180825276382142, 0.11048204090678285, 0.10953511136448071, 0.1100738894294579, 0.11302302859620209, 0.11100138655925021, 0.1090197093824061, 0.11012923901420102, 0.1091389667036399, 0.10958509946615871, 0.11093020321660949, 0.10964166984222842, 0.10923902942255229, 0.10980936349784687, 0.10898422827306983, 0.11040980296382871, 0.11125680199161375, 0.10924172366636004, 0.109780693438224, 0.10901891201038635, 0.10991356332030516, 0.11517966945698896, 0.10961249878594292, 0.10927588581451872, 0.11404222560246427, 0.11036559138503993, 0.11051248517954665, 0.11027937269636723, 0.10923685324686544, 0.11261245717749116, 0.11148128866702531, 0.10932059917420398, 0.10873652360901423, 0.10908517087751299, 0.11065954397078648, 0.11005437295992082, 0.1117371730101745, 0.10925387833888936, 0.1137490575694344, 0.11780356361508262, 0.11101897373524586, 0.11142363807003983, 0.10916560113899704, 0.11230634201550468, 0.1088424124946262, 0.1094961708166266, 0.11051809124178705, 0.11000167245107706, 0.1088357107806549, 0.10970802024453072, 0.10972018632572803, 0.10944651087273122, 0.10925603056474006, 0.10890048283131684, 0.11011708432731462, 0.1095862325797392, 0.11198450863900589, 0.10974284688822425, 0.11189450449342023, 0.10981032463396823, 0.1091153578008158, 0.10937874053011798, 0.10972014607406, 0.11454772609536992, 0.11191243020759711], 'cost values': [0.5140967436092261, 1.2666327595727225, 3.3860510891057327, 4.909860060987633, 4.623523809399529, 8.171079679123698, 9.887458560087353, 10.840816082016536, 11.904423386986586, 11.227631308189917, 12.803761813263542, 13.118648783038442, 13.200137028412051, 12.765535147289985, 13.073176740465836, 12.628088845499102, 13.478779950092793, 13.954604825463335, 13.609541753946445, 14.548267262265693, 15.550072743612702, 15.68747451025181, 16.61016190982398, 16.25054000848922, 16.571869866256765, 16.590071168752267, 16.29716685106067, 16.33712078649898, 16.586866653551176, 16.32740995072804, 16.217796543328127, 16.886866193216186, 17.244127530787164, 16.86922516197258, 16.481859257272266, 17.09337466426204, 16.857001481098816, 15.979024150057906, 15.858482639702817, 15.438790795671222, 15.66562624984179, 16.126078673945862, 15.893009436380334, 16.190383598836913, 16.32959944859276, 16.42822490017137, 16.275751299208093, 16.61868244350505, 16.117091139908467, 16.543027783918262, 15.808236451446152, 16.440985811947186, 16.279993036977203, 15.910650471503047, 16.257237760394762, 15.929872446289556, 15.349634982811644, 16.075902404721024, 16.645102605373484, 17.368372698749116, 16.85021327906926, 16.601771931514932, 16.323586080797874, 16.38258270519304, 16.98917940524387, 17.019548151550552, 16.667039598174167, 16.294653399354075, 16.467265570975155, 15.858997878001741, 16.476769780217364, 15.827088056719848, 16.08857464166711, 17.065667942586067, 17.063888601390676, 16.86798471197306, 17.03762623295296, 16.55121032626097, 15.937047550011835, 16.186300122280404, 16.484564240632913, 16.468633240646334, 16.695656597965158, 16.20146250774284, 15.889216261897673, 16.188160468768253, 16.47677746385783, 16.082266220560612, 16.238059899610516, 16.0082803482593, 16.278718851541523, 16.504759750058323, 16.090170479202875, 15.616954689585548, 15.951212705110402, 16.123181339814963, 16.03638289257173, 15.925742005707795, 15.362265388831363, 16.082364439995185], 'reward values': [-9262.29256991093, -8184.869583138691, -4542.970055783316, -3137.765033649516, -3337.591351438834, -2448.2529331268997, -2416.2187807156824, -2412.309658834695, -2412.289750619294, -2411.8607986931397, -2412.6851640807035, -2412.295302044704, -2410.0927050182154, -2401.7931663388813, -2378.49831234476, -2361.975871963174, -2210.7833366716154, -2013.2409664893871, -1914.6477734540433, -1322.352507580394, -862.645852621288, -525.5268810884508, -298.75372480386426, -249.77118698683265, -215.58437165415765, -182.70699236855432, -179.27542288969067, -180.3596538891246, -197.35063833356082, -177.97779377408494, -182.38014395253333, -204.4299953661818, -227.71968605163917, -221.25306297270248, -229.90473277035784, -211.62598966235407, -197.22068638262493, -186.225940437245, -191.86157483476578, -222.94978007133452, -201.57787581448073, -180.86656352871185, -192.48744334878438, -182.2049851334512, -187.1105766511431, -201.5799686673667, -187.6611128614775, -183.70233012034566, -189.29405158699035, -180.90444095774123, -195.40014845816313, -205.08203273089754, -183.39242536988354, -188.78130686278502, -180.98920368332585, -190.22007885980622, -245.9016590959415, -187.14960738274368, -184.12251515365037, -235.76821887892288, -195.96977935855566, -197.2907161574406, -194.52201232403743, -183.44298064178957, -220.1137218998075, -208.05895698729097, -184.62215898069525, -178.00964922215564, -181.90712537346428, -198.11908303597687, -192.2713526853543, -209.6003039773875, -183.33086458706623, -232.3333770177399, -275.64896995911096, -202.96813145605267, -207.46110988722458, -182.850367794178, -215.79112891224133, -179.03258745803038, -186.31544903365216, -197.21747129392674, -191.92719987870294, -178.97615033525247, -187.9834496436361, -188.41237335047788, -185.77710730072977, -183.34755003188604, -179.7047568153887, -192.472856494783, -187.07180196841335, -212.920450337728, -188.55648338758155, -211.0710625252717, -189.1384417004974, -181.88555100665036, -184.6126706075074, -188.1495248482291, -239.1627578607322, -211.72798631603268]}
_____________________________________________________________________Successful Run!_____________________________________________________________________
